
=== sin_warm_start  activas=['coarse_mask_majority', 'fast_masks', 'interp_float32'] ===
Malla variable: 918 x 387 nodos
  X: dx_min=0.003452, dx_max=0.200000
  Y: dy_min=0.004000, dy_max=0.200000
  [Ghost-cell] 4 image points corregidos | 1 irreparables (forzados a 0) | total ghost=485
dt = 0.002000 s  (CFL=0.5)
Malla: 918 x 387 (355,266 celdas)

======================================================================
[CONTROLES] CONTROLES INTERACTIVOS ACTIVOS:
======================================================================
  • Presiona Ctrl+C para finalizar limpiamente con outputs completos
  • Crea 'PLOT_NOW.trigger' para generar gráficos sin detener
  • Crea 'STOP_SIMULATION.trigger' para detener limpiamente
  • Crea 'CHANGE_ALPHA.trigger' con el nuevo ángulo (ej: '8.0') para cambiar alpha
======================================================================

   Progreso en memoria compartida: 40 bytes (iteraciones sincronizadas)
[WARMUP] Compilando kernels GPU (primer arranque puede tardar 30-90s)...
[WARMUP] OK (0.0s)
  0%|          | 0/2000 [00:00<?, ?it/s] 97%|█████████▋| 1937/2000 [01:00<00:01, 32.27it/s]100%|██████████| 2000/2000 [01:01<00:00, 32.27it/s]

[SA-BC] [Iter 0] gamma min=0.185 media=0.185

[ADVERTENCIA] [Iter 500] nu_efectiva muy alta: 4.98e-04 (49.8x nu molecular)
    Esto puede reducir dt significativamente

[SA-BC] [Iter 500] gamma min=0.003 media=0.201
\n[Iter 500] Convergencia a steady: u=1.15e-02, v=5.44e-01, p=1.48e-01

[ADVERTENCIA] [Iter 1000] nu_efectiva muy alta: 7.82e-04 (78.2x nu molecular)
    Esto puede reducir dt significativamente

[SA-BC] [Iter 1000] gamma min=0.001 media=0.229
\n[Iter 1000] Convergencia a steady: u=1.14e-02, v=6.09e-01, p=5.92e-02

[ADVERTENCIA] [Iter 1500] nu_efectiva muy alta: 8.77e-04 (87.7x nu molecular)
    Esto puede reducir dt significativamente

[SA-BC] [Iter 1500] gamma min=0.002 media=0.254
\n[Iter 1500] Convergencia a steady: u=8.08e-03, v=6.20e-01, p=4.02e-02

======================================================================
[OK] SIMULACIÓN COMPLETADA
======================================================================
  Se ejecutaron todas las 2000 iteraciones programadas.
  (Nota: chequeo de convergencia steady desactivado)
======================================================================

======================================================================
ESTADÍSTICAS DE RENDIMIENTO
======================================================================

Tiempo promedio por paso dt: 0.0310 s
Pasos simulados: 2000
Tiempo total simulación: 61.98 s

Desglose por componente (tiempo total | % del total):
----------------------------------------------------------------------
  Recálculo dt..................     0.63 s  (  1.0%)
  Advección.....................    16.16 s  ( 26.1%)
  Difusión......................     6.02 s  (  9.7%)
  Proyección....................    37.58 s  ( 60.6%)
  Guardado/fuerzas..............     1.37 s  (  2.2%)
  Otros (overhead)..............     0.22 s  (  0.3%)
----------------------------------------------------------------------

[ANALISIS]:
   Componente más costoso: Proyección
   Consume: 37.58 s (60.6% del tiempo total)
   Tiempo promedio por paso: 0.0188 s
   Ciclos MG por paso: media=6.00  p95=6.00  max=6
======================================================================


[OK] Polar completa guardada: 1 puntos en polar_results.json

   alpha         Cd         Cl      Cl/Cd
------------------------------------------
    0.00   0.049556   0.127826      2.579
  [save_state] sim_last.npz  (82 arrays, 56 escalares)

--- Resultados (Re=100000, t=2.8358s) ---
  Cl medio = 0.127494   Cd medio = 0.050606   L/D = 2.52
────────────────────────────────────────────────────
  Descomposición de fuerzas (valor instantáneo final):
                            Drag (X)      Lift (Y)
  ──────────────────────────────────────────────────
  TOTAL                     0.023213      0.054375  N/m
    Presión                 0.019490      0.054396  N/m
    Viscosa (fricción)      0.003723     -0.000021  N/m
  ──────────────────────────────────────────────────
  Cd total                  0.046425
    Cd presión              0.038980  (84.0%)
    Cd fricción             0.007445  (16.0%)
  Cl total                  0.108750
    Cl presión              0.108793  (100.0%)
    Cl fricción            -0.000043  (-0.0%)
────────────────────────────────────────────────────

[Circulación]  perfil x∈[6.014,6.998] c=0.984  U∞=1.000
    lazo          ventana x          ventana y     Γ (CCW)    Cl_circ
   0.15c  [   5.87,   7.15]  [   7.86,   8.21]    -0.05622    +0.1143
   0.40c  [   5.63,   7.39]  [   7.61,   8.46]    -0.05914    +0.1202
   0.80c  [   5.27,   7.79]  [   7.22,   8.89]    -0.06186    +0.1257
   1.50c  [   4.56,   8.48]  [   6.61,   9.58]    -0.05874    +0.1194
  ──────────────────────────────────────────────────
  Cl (integral superficie) = +0.1088
  Cl (circulación, lazo interior) = +0.1143
  → si ambos ~iguales y >>0.55: campo sobre-circulado (Kutta rota)
  → si difieren mucho: la integral de fuerzas es la sospechosa
────────────────────────────────────────────────────
  ──────────────────────────────────────────────────
  [Cp diag]  Cl(∮ΔCp en cuerda) = +0.0464
    ΔCp_TE (extr−intr, x/c≥0.95) = -0.3481  (→0 si Kutta cierra)
    pico succión Cp_min = -0.506 en x/c=0.890
────────────────────────────────────────────────────
[sin_warm_start] {'estado': 'OK', 'wall_s': 63.1, 'cl': 0.118365, 'cd': 0.047368}

=== sin_coarse_mask_majority  activas=['fast_masks', 'interp_float32', 'warm_start'] ===
Malla variable: 918 x 387 nodos
  X: dx_min=0.003452, dx_max=0.200000
  Y: dy_min=0.004000, dy_max=0.200000
  [Ghost-cell] 4 image points corregidos | 1 irreparables (forzados a 0) | total ghost=485
dt = 0.002000 s  (CFL=0.5)
Malla: 918 x 387 (355,266 celdas)

======================================================================
[CONTROLES] CONTROLES INTERACTIVOS ACTIVOS:
======================================================================
  • Presiona Ctrl+C para finalizar limpiamente con outputs completos
  • Crea 'PLOT_NOW.trigger' para generar gráficos sin detener
  • Crea 'STOP_SIMULATION.trigger' para detener limpiamente
  • Crea 'CHANGE_ALPHA.trigger' con el nuevo ángulo (ej: '8.0') para cambiar alpha
======================================================================

   Progreso en memoria compartida: 40 bytes (iteraciones sincronizadas)
[WARMUP] Compilando kernels GPU (primer arranque puede tardar 30-90s)...
[WARMUP] OK (0.0s)
  0%|          | 0/2000 [00:00<?, ?it/s] 65%|██████▌   | 1300/2000 [00:41<00:22, 31.22it/s]

[SA-BC] [Iter 0] gamma min=0.185 media=0.185

[ADVERTENCIA] [Iter 500] nu_efectiva muy alta: 5.06e-04 (50.6x nu molecular)
    Esto puede reducir dt significativamente

[SA-BC] [Iter 500] gamma min=0.002 media=0.205
\n[Iter 500] Convergencia a steady: u=1.21e-02, v=5.39e-01, p=1.43e+00

[ADVERTENCIA] [Iter 1000] nu_efectiva muy alta: 7.60e-04 (76.0x nu molecular)
    Esto puede reducir dt significativamente

[SA-BC] [Iter 1000] gamma min=0.002 media=0.237
\n[Iter 1000] Convergencia a steady: u=3.00e-01, v=1.18e+00, p=1.05e+00

======================================================================
[ERROR] Blowup de velocidad (50.0 m/s) en iteración 1300 — simulación inestable
======================================================================
   |u|_max=50.00, umbral=50.00
   dt_use=3.45e-05
   [!] Error simulación @ alpha=0.0°: Simulación abortada: Blowup de velocidad (50.0 m/s) en iteración 1300
[sin_coarse_mask_majority] {'estado': 'ABORTADA', 'wall_s': 41.8, 'cl': None, 'cd': None}

=== sin_fast_masks  activas=['coarse_mask_majority', 'interp_float32', 'warm_start'] ===
Malla variable: 918 x 387 nodos
  X: dx_min=0.003452, dx_max=0.200000
  Y: dy_min=0.004000, dy_max=0.200000
  [Ghost-cell] 4 image points corregidos | 1 irreparables (forzados a 0) | total ghost=485
dt = 0.002000 s  (CFL=0.5)
Malla: 918 x 387 (355,266 celdas)

======================================================================
[CONTROLES] CONTROLES INTERACTIVOS ACTIVOS:
======================================================================
  • Presiona Ctrl+C para finalizar limpiamente con outputs completos
  • Crea 'PLOT_NOW.trigger' para generar gráficos sin detener
  • Crea 'STOP_SIMULATION.trigger' para detener limpiamente
  • Crea 'CHANGE_ALPHA.trigger' con el nuevo ángulo (ej: '8.0') para cambiar alpha
======================================================================

   Progreso en memoria compartida: 40 bytes (iteraciones sincronizadas)
[WARMUP] Compilando kernels GPU (primer arranque puede tardar 30-90s)...
[WARMUP] OK (0.0s)
  0%|          | 0/2000 [00:00<?, ?it/s] 60%|██████    | 1209/2000 [01:00<00:39, 20.15it/s] 67%|██████▋   | 1340/2000 [01:07<00:33, 19.97it/s]

[SA-BC] [Iter 0] gamma min=0.185 media=0.185

[ADVERTENCIA] [Iter 500] nu_efectiva muy alta: 5.05e-04 (50.5x nu molecular)
    Esto puede reducir dt significativamente

[SA-BC] [Iter 500] gamma min=0.002 media=0.205
\n[Iter 500] Convergencia a steady: u=1.21e-02, v=5.39e-01, p=1.41e+00

[ADVERTENCIA] [Iter 1000] nu_efectiva muy alta: 7.60e-04 (76.0x nu molecular)
    Esto puede reducir dt significativamente

[SA-BC] [Iter 1000] gamma min=0.003 media=0.236
\n[Iter 1000] Convergencia a steady: u=3.05e-01, v=1.16e+00, p=1.12e+00

======================================================================
[ERROR] Blowup de velocidad (50.0 m/s) en iteración 1340 — simulación inestable
======================================================================
   |u|_max=50.00, umbral=50.00
   dt_use=3.45e-05
   [!] Error simulación @ alpha=0.0°: Simulación abortada: Blowup de velocidad (50.0 m/s) en iteración 1340
[sin_fast_masks] {'estado': 'ABORTADA', 'wall_s': 67.2, 'cl': None, 'cd': None}

=== sin_interp_float32  activas=['coarse_mask_majority', 'fast_masks', 'warm_start'] ===
Malla variable: 918 x 387 nodos
  X: dx_min=0.003452, dx_max=0.200000
  Y: dy_min=0.004000, dy_max=0.200000
  [Ghost-cell] 4 image points corregidos | 1 irreparables (forzados a 0) | total ghost=485
dt = 0.002000 s  (CFL=0.5)
Malla: 918 x 387 (355,266 celdas)

======================================================================
[CONTROLES] CONTROLES INTERACTIVOS ACTIVOS:
======================================================================
  • Presiona Ctrl+C para finalizar limpiamente con outputs completos
  • Crea 'PLOT_NOW.trigger' para generar gráficos sin detener
  • Crea 'STOP_SIMULATION.trigger' para detener limpiamente
  • Crea 'CHANGE_ALPHA.trigger' con el nuevo ángulo (ej: '8.0') para cambiar alpha
======================================================================

   Progreso en memoria compartida: 40 bytes (iteraciones sincronizadas)
[WARMUP] Compilando kernels GPU (primer arranque puede tardar 30-90s)...
[WARMUP] OK (0.0s)
  0%|          | 0/2000 [00:00<?, ?it/s] 67%|██████▋   | 1340/2000 [00:44<00:21, 30.39it/s]

[SA-BC] [Iter 0] gamma min=0.185 media=0.185

[ADVERTENCIA] [Iter 500] nu_efectiva muy alta: 5.05e-04 (50.5x nu molecular)
    Esto puede reducir dt significativamente

[SA-BC] [Iter 500] gamma min=0.002 media=0.205
\n[Iter 500] Convergencia a steady: u=1.21e-02, v=5.39e-01, p=1.41e+00

[ADVERTENCIA] [Iter 1000] nu_efectiva muy alta: 7.60e-04 (76.0x nu molecular)
    Esto puede reducir dt significativamente

[SA-BC] [Iter 1000] gamma min=0.003 media=0.236
\n[Iter 1000] Convergencia a steady: u=3.05e-01, v=1.16e+00, p=1.12e+00

======================================================================
[ERROR] Blowup de velocidad (50.0 m/s) en iteración 1340 — simulación inestable
======================================================================
   |u|_max=50.00, umbral=50.00
   dt_use=3.45e-05
   [!] Error simulación @ alpha=0.0°: Simulación abortada: Blowup de velocidad (50.0 m/s) en iteración 1340
[sin_interp_float32] {'estado': 'ABORTADA', 'wall_s': 44.2, 'cl': None, 'cd': None}

======================================================================
quitando                          estado    wall          Cl
----------------------------------------------------------------------
warm_start                            OK     63s   0.11836
coarse_mask_majority            ABORTADA     42s         -
fast_masks                      ABORTADA     67s         -
interp_float32                  ABORTADA     44s         -
======================================================================
La opcion que al quitarla evita el blowup es la responsable.
