[21:43:13] formas/circulo/1e+03_dx0.0040/velocidad: ok (180 frames)
[21:43:50] formas/circulo/1e+03_dx0.0040/vorticidad: ok (180 frames)
[21:44:04] formas/circulo/1e+04_dx0.0020/velocidad: ok (72 frames)
[21:44:19] formas/circulo/1e+04_dx0.0020/vorticidad: ok (72 frames)
[21:45:11] formas/circulo/1e+04_dx0.0040/velocidad: ok (250 frames)
[21:46:03] formas/circulo/1e+04_dx0.0040/vorticidad: ok (250 frames)
[21:46:44] formas/circulo/1e+05_dx0.0040/velocidad: ok (194 frames)
[21:47:25] formas/circulo/1e+05_dx0.0040/vorticidad: ok (194 frames)
[21:48:12] formas/circulo/1e+06_dx0.0040/velocidad: ok (227 frames)
[21:49:01] formas/circulo/1e+06_dx0.0040/vorticidad: ok (227 frames)
[21:49:44] formas/cuadrado/1e+03_dx0.0040/velocidad: ok (210 frames)
[21:50:27] formas/cuadrado/1e+03_dx0.0040/vorticidad: ok (210 frames)
[21:51:06] formas/cuadrado/1e+04_dx0.0040/velocidad: ok (187 frames)
[21:51:45] formas/cuadrado/1e+04_dx0.0040/vorticidad: ok (187 frames)
[21:52:23] formas/cuadrado/1e+05_dx0.0040/velocidad: ok (180 frames)
[21:53:01] formas/cuadrado/1e+05_dx0.0040/vorticidad: ok (180 frames)
[21:53:42] formas/cuadrado/1e+06_dx0.0040/velocidad: ok (194 frames)
[21:54:22] formas/cuadrado/1e+06_dx0.0040/vorticidad: ok (194 frames)
[21:54:55] formas/gota/1e+03_dx0.0040/velocidad: ok (160 frames)
[21:55:28] formas/gota/1e+03_dx0.0040/vorticidad: ok (160 frames)
[21:56:12] formas/gota/1e+04_dx0.0040/velocidad: ok (210 frames)
[21:56:55] formas/gota/1e+04_dx0.0040/vorticidad: ok (210 frames)
[21:57:45] formas/gota/1e+05_dx0.0040/velocidad: ok (240 frames)
[21:58:34] formas/gota/1e+05_dx0.0040/vorticidad: ok (240 frames)
[21:59:43] formas/gota/1e+06_dx0.0040/velocidad: ok (333 frames)
[22:00:52] formas/gota/1e+06_dx0.0040/vorticidad: ok (333 frames)
[22:01:15] tubo/T1: 160 frames renderizados
[22:01:17] tubo/T1: ok (160 frames)
[22:01:52] tubo/T2: 240 frames renderizados
[22:01:54] tubo/T2: ok (240 frames)
[22:02:28] tubo/T3: 180 frames renderizados
[22:02:29] tubo/T3: ok (180 frames)
[22:03:03] tubo/T4: 180 frames renderizados
[22:03:05] tubo/T4: ok (180 frames)
[22:03:46] tubo/T5: 120 frames renderizados
[22:03:47] tubo/T5: ok (120 frames)
[22:04:16] tubo/T6: 180 frames renderizados
[22:04:17] tubo/T6: ok (180 frames)
[22:04:17] === 32 videos ===
[22:04:17]   results/formas/circulo/videos/1e+03_dx0.0040_velocidad.mp4
[22:04:17]   results/formas/circulo/videos/1e+03_dx0.0040_vorticidad.mp4
[22:04:17]   results/formas/circulo/videos/1e+04_dx0.0020_velocidad.mp4
[22:04:17]   results/formas/circulo/videos/1e+04_dx0.0020_vorticidad.mp4
[22:04:17]   results/formas/circulo/videos/1e+04_dx0.0040_velocidad.mp4
[22:04:17]   results/formas/circulo/videos/1e+04_dx0.0040_vorticidad.mp4
[22:04:17]   results/formas/circulo/videos/1e+05_dx0.0040_velocidad.mp4
[22:04:17]   results/formas/circulo/videos/1e+05_dx0.0040_vorticidad.mp4
[22:04:17]   results/formas/circulo/videos/1e+06_dx0.0040_velocidad.mp4
[22:04:17]   results/formas/circulo/videos/1e+06_dx0.0040_vorticidad.mp4
[22:04:17]   results/formas/cuadrado/videos/1e+03_dx0.0040_velocidad.mp4
[22:04:17]   results/formas/cuadrado/videos/1e+03_dx0.0040_vorticidad.mp4
[22:04:17]   results/formas/cuadrado/videos/1e+04_dx0.0040_velocidad.mp4
[22:04:17]   results/formas/cuadrado/videos/1e+04_dx0.0040_vorticidad.mp4
[22:04:17]   results/formas/cuadrado/videos/1e+05_dx0.0040_velocidad.mp4
[22:04:17]   results/formas/cuadrado/videos/1e+05_dx0.0040_vorticidad.mp4
[22:04:17]   results/formas/cuadrado/videos/1e+06_dx0.0040_velocidad.mp4
[22:04:17]   results/formas/cuadrado/videos/1e+06_dx0.0040_vorticidad.mp4
[22:04:17]   results/formas/gota/videos/1e+03_dx0.0040_velocidad.mp4
[22:04:17]   results/formas/gota/videos/1e+03_dx0.0040_vorticidad.mp4
[22:04:17]   results/formas/gota/videos/1e+04_dx0.0040_velocidad.mp4
[22:04:17]   results/formas/gota/videos/1e+04_dx0.0040_vorticidad.mp4
[22:04:17]   results/formas/gota/videos/1e+05_dx0.0040_velocidad.mp4
[22:04:17]   results/formas/gota/videos/1e+05_dx0.0040_vorticidad.mp4
[22:04:17]   results/formas/gota/videos/1e+06_dx0.0040_velocidad.mp4
[22:04:17]   results/formas/gota/videos/1e+06_dx0.0040_vorticidad.mp4
[22:04:17]   results/tubo/T1/videos/T1.mp4
[22:04:17]   results/tubo/T2/videos/T2.mp4
[22:04:17]   results/tubo/T3/videos/T3.mp4
[22:04:17]   results/tubo/T4/videos/T4.mp4
[22:04:17]   results/tubo/T5/videos/T5.mp4
[22:04:17]   results/tubo/T6/videos/T6.mp4
