Malla variable: 1732 x 673 nodos
  X: dx_min=0.002000, dx_max=0.100000
  Y: dy_min=0.002000, dy_max=0.100000
  [Ghost-cell] 3 image points corregidos | 1 irreparables (forzados a 0) | total ghost=984
dt = 0.001000 s  (CFL=0.5)
Malla: 1732 x 673 (1,165,636 celdas)

======================================================================
[CONTROLES] CONTROLES INTERACTIVOS ACTIVOS:
======================================================================
  • Presiona Ctrl+C para finalizar limpiamente con outputs completos
  • Crea 'PLOT_NOW.trigger' para generar gráficos sin detener
  • Crea 'STOP_SIMULATION.trigger' para detener limpiamente
  • Crea 'CHANGE_ALPHA.trigger' con el nuevo ángulo (ej: '8.0') para cambiar alpha
======================================================================

   Progreso en memoria compartida: 40 bytes (iteraciones sincronizadas)
[WARMUP] Compilando kernels GPU (primer arranque puede tardar 30-90s)...
[WARMUP] OK (0.0s)
  0%|          | 0/1500 [00:00<?, ?it/s] 23%|██▎       | 349/1500 [01:00<03:18,  5.80it/s] 23%|██▎       | 349/1500 [01:20<03:18,  5.80it/s] 47%|████▋     | 701/1500 [02:00<02:16,  5.84it/s] 47%|████▋     | 701/1500 [02:20<02:16,  5.84it/s] 69%|██████▉   | 1032/1500 [03:00<01:22,  5.69it/s] 69%|██████▉   | 1032/1500 [03:20<01:22,  5.69it/s] 89%|████████▉ | 1337/1500 [04:00<00:29,  5.45it/s] 89%|████████▉ | 1337/1500 [04:20<00:29,  5.45it/s]100%|██████████| 1500/1500 [04:32<00:00,  5.50it/s]

[SA-BC] [Iter 0] gamma min=0.185 media=0.185

[ADVERTENCIA] [Iter 500] nu_efectiva muy alta: 2.37e-04 (23.7x nu molecular)
    Esto puede reducir dt significativamente

[SA-BC] [Iter 500] gamma min=0.002 media=0.198
\n[Iter 500] Convergencia a steady: u=1.24e-02, v=4.81e-01, p=1.16e-01

[ADVERTENCIA] [Iter 1000] nu_efectiva muy alta: 3.44e-04 (34.4x nu molecular)
    Esto puede reducir dt significativamente

[SA-BC] [Iter 1000] gamma min=0.001 media=0.209
\n[Iter 1000] Convergencia a steady: u=1.37e-02, v=5.49e-01, p=8.68e-02

======================================================================
[OK] SIMULACIÓN COMPLETADA
======================================================================
  Se ejecutaron todas las 1500 iteraciones programadas.
  Si buscas estado estacionario, considera aumentar iteraciones
  o relajar tolerancias (tol_u, tol_v, tol_p).
======================================================================

======================================================================
ESTADÍSTICAS DE RENDIMIENTO
======================================================================

Tiempo promedio por paso dt: 0.1818 s
Pasos simulados: 1500
Tiempo total simulación: 272.71 s

Desglose por componente (tiempo total | % del total):
----------------------------------------------------------------------
  Recálculo dt..................     0.55 s  (  0.2%)
  Advección.....................    32.05 s  ( 11.8%)
  Difusión......................     6.04 s  (  2.2%)
  Proyección....................   231.59 s  ( 84.9%)
  Guardado/fuerzas..............     2.30 s  (  0.8%)
  Otros (overhead)..............     0.16 s  (  0.1%)
----------------------------------------------------------------------

[ANALISIS]:
   Componente más costoso: Proyección
   Consume: 231.59 s (84.9% del tiempo total)
   Tiempo promedio por paso: 0.1544 s
   Ciclos MG por paso: media=27.58  p95=31.00  max=40
======================================================================


[OK] Polar completa guardada: 1 puntos en polar_results.json

   alpha         Cd         Cl      Cl/Cd
------------------------------------------
    4.00   0.041361   0.457039     11.050
  [save_state] sim_last.npz  (82 arrays, 56 escalares)

--- Resultados (Re=100000, t=1.1225s) ---
  Cl medio = 0.443189   Cd medio = 0.043730   L/D = 10.13
────────────────────────────────────────────────────
  Descomposición de fuerzas (valor instantáneo final):
                            Drag (X)      Lift (Y)
  ──────────────────────────────────────────────────
  TOTAL                     0.017874      0.242290  N/m
    Presión                 0.014738      0.242357  N/m
    Viscosa (fricción)      0.003136     -0.000067  N/m
  ──────────────────────────────────────────────────
  Cd total                  0.035747
    Cd presión              0.029476  (82.5%)
    Cd fricción             0.006271  (17.5%)
  Cl total                  0.484580
    Cl presión              0.484714  (100.0%)
    Cl fricción            -0.000134  (-0.0%)
────────────────────────────────────────────────────

[Circulación]  perfil x∈[5.004,6.000] c=0.996  U∞=1.000
    lazo          ventana x          ventana y     Γ (CCW)    Cl_circ
   0.15c  [   4.86,   6.15]  [   5.82,   6.20]    -0.18515    +0.3718
   0.40c  [   4.61,   6.40]  [   5.57,   6.45]    -0.18706    +0.3756
   0.80c  [   4.21,   6.80]  [   5.20,   6.86]    -0.12459    +0.2502
   1.50c  [   3.58,   7.49]  [   4.53,   7.57]    +0.00002    -0.0000
  ──────────────────────────────────────────────────
  Cl (integral superficie) = +0.4846
  Cl (circulación, lazo interior) = +0.3718
  → si ambos ~iguales y >>0.55: campo sobre-circulado (Kutta rota)
  → si difieren mucho: la integral de fuerzas es la sospechosa
────────────────────────────────────────────────────
  ──────────────────────────────────────────────────
  [Cp diag]  Cl(∮ΔCp en cuerda) = +0.9946
    ΔCp_TE (extr−intr, x/c≥0.95) = -1.1899  (→0 si Kutta cierra)
    pico succión Cp_min = -1.369 en x/c=0.875
────────────────────────────────────────────────────
{"Lx": 20.0, "Ly": 12.0, "cx": 5.0, "cy": 6.0, "iters": 1500, "wall_s": 275.4, "it_s": 5.45, "cl": 0.481324, "cd": 0.038877, "ld": 12.3806, "polar_h": 3.98}
