[17:12:30] === tubo: 1 casos ===
[17:12:30] T5: 10x4 Re=1e+04 dx=0.01 laminar -> 6000 iters (t_obj=20)
[17:14:25]   -> t=27.661  Le=None (teo 2000.0)  u_c salida=1.0359  err dp/dx=4879.88%  (114.8s)
[17:14:25] === fin tubo en 0.03 h ===
[17:34:35] === tubo: 6 casos ===
[17:34:35] T1: 30x1 Re=1e+02 dx=0.01 laminar -> 16000 iters (t_obj=55)
[20:09:56] === tubo: 6 casos ===
[20:09:56] T1: 30x1 Re=1e+02 dx=0.01 laminar -> 16000 iters (t_obj=55)
[20:14:44]   -> t=39.88  Le=6.599999904632568 (teo 5.0)  u_c salida=1.4882  desarrollado=True  err dp/dx=2.7%  (287.8s)
[20:14:44] T2: 30x1 Re=5e+02 dx=0.01 laminar -> 24000 iters (t_obj=80)
[20:21:56]   -> t=82.292  Le=26.579999923706055 (teo 25.0)  u_c salida=1.4884  desarrollado=False  err dp/dx=None%  (431.9s)
[20:21:56] T3: 20x2 Re=1e+03 dx=0.01 laminar -> 9000 iters (t_obj=30)
[20:24:49]   -> t=36.507  Le=None (teo 100.0)  u_c salida=1.2477  desarrollado=False  err dp/dx=None%  (172.3s)
[20:24:49] T4: 20x2 Re=1e+04 dx=0.01 sa_bc -> 9000 iters (t_obj=30)
[20:28:40]   -> t=11.056  Le=None (teo 1000.0)  u_c salida=1.0759  desarrollado=False  err dp/dx=None%  (230.5s)
[20:28:40] T5: 10x4 Re=1e+04 dx=0.01 laminar -> 6000 iters (t_obj=20)
[20:30:34]   -> t=27.661  Le=None (teo 2000.0)  u_c salida=1.0359  desarrollado=False  err dp/dx=None%  (114.3s)
[20:30:34] T6: 20x1 Re=1e+05 dx=0.005 sa_bc -> 18000 iters (t_obj=30)
[20:40:18]   -> t=7.366  Le=None (teo 5000.0)  u_c salida=1.0264  desarrollado=False  err dp/dx=None%  (583.3s)
[20:40:18] === fin tubo en 0.51 h ===
[21:41:46] === tubo: 6 casos ===
[21:41:46] T1 YA HECHO
[21:41:46] T2 YA HECHO
[21:41:46] T3 YA HECHO
[21:41:46] T4 YA HECHO
[21:41:46] T5 YA HECHO
[21:41:46] T6 YA HECHO
[21:41:46] === fin tubo en 0.00 h ===
[22:28:54] === tubo: 1 casos ===
[22:28:54] T7: 16x0.2 Re=1e+03 dx=0.005 laminar -> 48000 iters (t_obj=80)
[22:42:30]   -> t=81.466  Le=None (teo 10.0)  u_c salida=1.4837  desarrollado=False  err dp/dx=None%  (815.3s)
[22:42:30] === fin tubo en 0.23 h ===
[22:42:30] === tubo: 1 casos ===
[22:42:30] T8: 16x0.2 Re=1e+03 dx=0.002 laminar -> 120000 iters (t_obj=80)
