[19:21:51] sim results/punta_minima/ganador_ag_punta1pct.dat alpha=4 dx=0.002 Re=1e5 {'Lx': 24.0, 'Ly': 16.0, 'cx': 6.0} iters=13000
Malla variable: 1772 x 713 nodos
  X: dx_min=0.002000, dx_max=0.100000
  Y: dy_min=0.002000, dy_max=0.100000
dt = 0.001000 s  (CFL=0.5)
Malla: 1772 x 713 (1,263,436 celdas)

======================================================================
[CONTROLES] CONTROLES INTERACTIVOS ACTIVOS:
======================================================================
  • Presiona Ctrl+C para finalizar limpiamente con outputs completos
  • Crea 'PLOT_NOW.trigger' para generar gráficos sin detener
  • Crea 'STOP_SIMULATION.trigger' para detener limpiamente
  • Crea 'CHANGE_ALPHA.trigger' con el nuevo ángulo (ej: '8.0') para cambiar alpha
======================================================================

   Progreso en memoria compartida: 48 bytes (iteraciones sincronizadas)
[WARMUP] Compilando kernels GPU (primer arranque puede tardar 30-90s)...
[WARMUP] OK (0.0s)
  0%|          | 0/13000 [00:00<?, ?it/s] 11%|█▏        | 1473/13000 [01:00<07:49, 24.54it/s] 11%|█▏        | 1473/13000 [01:20<07:49, 24.54it/s] 23%|██▎       | 2985/13000 [02:00<06:41, 24.92it/s] 23%|██▎       | 2985/13000 [02:20<06:41, 24.92it/s] 35%|███▍      | 4519/13000 [03:00<05:36, 25.22it/s] 35%|███▍      | 4519/13000 [03:20<05:36, 25.22it/s] 47%|████▋     | 6071/13000 [04:00<04:32, 25.47it/s] 47%|████▋     | 6071/13000 [04:20<04:32, 25.47it/s] 59%|█████▊    | 7628/13000 [05:00<03:29, 25.64it/s] 59%|█████▊    | 7628/13000 [05:20<03:29, 25.64it/s] 71%|███████   | 9190/13000 [06:00<02:27, 25.77it/s] 71%|███████   | 9190/13000 [06:20<02:27, 25.77it/s] 83%|████████▎ | 10753/13000 [07:00<01:26, 25.86it/s] 83%|████████▎ | 10753/13000 [07:20<01:26, 25.86it/s] 95%|█████████▍| 12319/13000 [08:00<00:26, 25.93it/s] 95%|█████████▍| 12319/13000 [08:20<00:26, 25.93it/s]100%|██████████| 13000/13000 [08:26<00:00, 25.68it/s]

[SA-BC] [Iter 0] gamma min=0.185 media=0.185

[ADVERTENCIA] [Iter 500] nu_efectiva muy alta: 2.19e-04 (21.9x nu molecular)
    Esto puede reducir dt significativamente

[SA-BC] [Iter 500] gamma min=0.001 media=0.198
\n[Iter 500] Convergencia a steady: u=1.10e-02, v=5.41e-01, p=1.12e+00

[ADVERTENCIA] [Iter 1000] nu_efectiva muy alta: 3.15e-04 (31.5x nu molecular)
    Esto puede reducir dt significativamente

[SA-BC] [Iter 1000] gamma min=0.001 media=0.207
\n[Iter 1000] Convergencia a steady: u=1.31e-02, v=6.01e-01, p=5.11e-01

[ADVERTENCIA] [Iter 1500] nu_efectiva muy alta: 3.51e-04 (35.1x nu molecular)
    Esto puede reducir dt significativamente

[SA-BC] [Iter 1500] gamma min=0.001 media=0.218
\n[Iter 1500] Convergencia a steady: u=1.56e-02, v=6.62e-01, p=4.02e-01

[ADVERTENCIA] [Iter 2000] nu_efectiva muy alta: 4.08e-04 (40.8x nu molecular)
    Esto puede reducir dt significativamente

[SA-BC] [Iter 2000] gamma min=0.001 media=0.232
\n[Iter 2000] Convergencia a steady: u=1.71e-02, v=7.00e-01, p=2.92e-01

[ADVERTENCIA] [Iter 2500] nu_efectiva muy alta: 4.10e-04 (41.0x nu molecular)
    Esto puede reducir dt significativamente

[SA-BC] [Iter 2500] gamma min=0.001 media=0.239
\n[Iter 2500] Convergencia a steady: u=1.78e-02, v=7.63e-01, p=2.87e-01

[ADVERTENCIA] [Iter 3000] nu_efectiva muy alta: 2.40e-04 (24.0x nu molecular)
    Esto puede reducir dt significativamente

[SA-BC] [Iter 3000] gamma min=0.002 media=0.243
\n[Iter 3000] Convergencia a steady: u=1.78e-02, v=7.96e-01, p=1.88e-01

[ADVERTENCIA] [Iter 3500] nu_efectiva muy alta: 2.84e-04 (28.4x nu molecular)
    Esto puede reducir dt significativamente

[SA-BC] [Iter 3500] gamma min=0.003 media=0.246
\n[Iter 3500] Convergencia a steady: u=1.68e-02, v=7.69e-01, p=1.13e-01

[ADVERTENCIA] [Iter 4000] nu_efectiva muy alta: 3.20e-04 (32.0x nu molecular)
    Esto puede reducir dt significativamente

[SA-BC] [Iter 4000] gamma min=0.004 media=0.250
\n[Iter 4000] Convergencia a steady: u=1.48e-02, v=7.16e-01, p=9.07e-02

[ADVERTENCIA] [Iter 4500] nu_efectiva muy alta: 3.36e-04 (33.6x nu molecular)
    Esto puede reducir dt significativamente

[SA-BC] [Iter 4500] gamma min=0.004 media=0.252
\n[Iter 4500] Convergencia a steady: u=1.24e-02, v=6.35e-01, p=1.00e-01

[ADVERTENCIA] [Iter 5000] nu_efectiva muy alta: 3.38e-04 (33.8x nu molecular)
    Esto puede reducir dt significativamente

[SA-BC] [Iter 5000] gamma min=0.004 media=0.253
\n[Iter 5000] Convergencia a steady: u=9.67e-03, v=5.33e-01, p=1.10e-01

[ADVERTENCIA] [Iter 5500] nu_efectiva muy alta: 3.53e-04 (35.3x nu molecular)
    Esto puede reducir dt significativamente

[SA-BC] [Iter 5500] gamma min=0.004 media=0.254
\n[Iter 5500] Convergencia a steady: u=7.50e-03, v=4.33e-01, p=8.65e-02

[ADVERTENCIA] [Iter 6000] nu_efectiva muy alta: 3.48e-04 (34.8x nu molecular)
    Esto puede reducir dt significativamente

[SA-BC] [Iter 6000] gamma min=0.004 media=0.254
\n[Iter 6000] Convergencia a steady: u=5.69e-03, v=3.47e-01, p=5.35e-02

[ADVERTENCIA] [Iter 6500] nu_efectiva muy alta: 3.53e-04 (35.3x nu molecular)
    Esto puede reducir dt significativamente

[SA-BC] [Iter 6500] gamma min=0.005 media=0.253
\n[Iter 6500] Convergencia a steady: u=4.04e-03, v=2.60e-01, p=1.21e-02

[ADVERTENCIA] [Iter 7000] nu_efectiva muy alta: 3.59e-04 (35.9x nu molecular)
    Esto puede reducir dt significativamente

[SA-BC] [Iter 7000] gamma min=0.005 media=0.253
\n[Iter 7000] Convergencia a steady: u=2.59e-03, v=1.74e-01, p=3.18e-02

[ADVERTENCIA] [Iter 7500] nu_efectiva muy alta: 3.61e-04 (36.1x nu molecular)
    Esto puede reducir dt significativamente

[SA-BC] [Iter 7500] gamma min=0.005 media=0.253
\n[Iter 7500] Convergencia a steady: u=1.46e-03, v=1.00e-01, p=4.85e-02

[ADVERTENCIA] [Iter 8000] nu_efectiva muy alta: 3.62e-04 (36.2x nu molecular)
    Esto puede reducir dt significativamente

[SA-BC] [Iter 8000] gamma min=0.005 media=0.253
\n[Iter 8000] Convergencia a steady: u=9.44e-04, v=5.03e-02, p=5.09e-02

[ADVERTENCIA] [Iter 8500] nu_efectiva muy alta: 3.60e-04 (36.0x nu molecular)
    Esto puede reducir dt significativamente

[SA-BC] [Iter 8500] gamma min=0.004 media=0.254
\n[Iter 8500] Convergencia a steady: u=8.97e-04, v=3.55e-02, p=3.91e-02

[ADVERTENCIA] [Iter 9000] nu_efectiva muy alta: 3.59e-04 (35.9x nu molecular)
    Esto puede reducir dt significativamente

[SA-BC] [Iter 9000] gamma min=0.004 media=0.255
\n[Iter 9000] Convergencia a steady: u=1.13e-03, v=4.50e-02, p=2.64e-02

[ADVERTENCIA] [Iter 9500] nu_efectiva muy alta: 3.58e-04 (35.8x nu molecular)
    Esto puede reducir dt significativamente

[SA-BC] [Iter 9500] gamma min=0.003 media=0.255
\n[Iter 9500] Convergencia a steady: u=1.13e-03, v=5.23e-02, p=2.12e-02

[ADVERTENCIA] [Iter 10000] nu_efectiva muy alta: 3.59e-04 (35.9x nu molecular)
    Esto puede reducir dt significativamente

[SA-BC] [Iter 10000] gamma min=0.003 media=0.256
\n[Iter 10000] Convergencia a steady: u=1.18e-03, v=5.48e-02, p=2.73e-02

[ADVERTENCIA] [Iter 10500] nu_efectiva muy alta: 3.60e-04 (36.0x nu molecular)
    Esto puede reducir dt significativamente

[SA-BC] [Iter 10500] gamma min=0.003 media=0.257
\n[Iter 10500] Convergencia a steady: u=1.27e-03, v=5.63e-02, p=2.90e-02

[ADVERTENCIA] [Iter 11000] nu_efectiva muy alta: 3.64e-04 (36.4x nu molecular)
    Esto puede reducir dt significativamente

[SA-BC] [Iter 11000] gamma min=0.003 media=0.258
\n[Iter 11000] Convergencia a steady: u=1.22e-03, v=5.46e-02, p=2.49e-02

[ADVERTENCIA] [Iter 11500] nu_efectiva muy alta: 3.63e-04 (36.3x nu molecular)
    Esto puede reducir dt significativamente

[SA-BC] [Iter 11500] gamma min=0.003 media=0.259
\n[Iter 11500] Convergencia a steady: u=1.00e-03, v=4.96e-02, p=1.47e-02

[ADVERTENCIA] [Iter 12000] nu_efectiva muy alta: 3.64e-04 (36.4x nu molecular)
    Esto puede reducir dt significativamente

[SA-BC] [Iter 12000] gamma min=0.003 media=0.261
\n[Iter 12000] Convergencia a steady: u=9.82e-04, v=4.43e-02, p=8.35e-03

[ADVERTENCIA] [Iter 12500] nu_efectiva muy alta: 3.66e-04 (36.6x nu molecular)
    Esto puede reducir dt significativamente

[SA-BC] [Iter 12500] gamma min=0.003 media=0.261
\n[Iter 12500] Convergencia a steady: u=9.67e-04, v=3.42e-02, p=1.26e-02

======================================================================
[OK] SIMULACIÓN COMPLETADA
======================================================================
  Se ejecutaron todas las 13000 iteraciones programadas.
  Si buscas estado estacionario, considera aumentar iteraciones
  o relajar tolerancias (tol_u, tol_v, tol_p).
======================================================================

======================================================================
ESTADÍSTICAS DE RENDIMIENTO
======================================================================

Tiempo promedio por paso dt: 0.0389 s
Pasos simulados: 13000
Tiempo total simulación: 506.19 s

Desglose por componente (tiempo total | % del total):
----------------------------------------------------------------------
  Recálculo dt..................     4.96 s  (  1.0%)
  Advección.....................   211.41 s  ( 41.8%)
  Difusión......................    52.01 s  ( 10.3%)
  Proyección....................   218.04 s  ( 43.1%)
  Guardado/fuerzas..............    18.32 s  (  3.6%)
    ...fuerzas Cl/Cd............     8.20 s  (  1.6%)
    ...series y diagnostico.....     9.72 s  (  1.9%)
    ...memoria compartida.......     0.40 s  (  0.1%)
    ...save_frame (PNG).........     0.00 s  (  0.0%)
    ...dump_fields (npz)........     0.00 s  (  0.0%)
  Otros (overhead)..............     1.45 s  (  0.3%)
----------------------------------------------------------------------

[ANALISIS]:
   Componente más costoso: Proyección
   Consume: 218.04 s (43.1% del tiempo total)
   Tiempo promedio por paso: 0.0168 s
   Ciclos MG por paso: media=4.17  p95=5.00  max=6
======================================================================


[OK] Polar completa guardada: 1 puntos en polar_results.json

   alpha         Cd         Cl      Cl/Cd
------------------------------------------
    4.00   0.020174   0.565461     28.030
  [save_state] sim_last.npz  (87 arrays, 58 escalares)

--- Resultados (Re=100000, t=9.9089s) ---
  Cl medio = 0.544494   Cd medio = 0.021480   L/D = 25.35
────────────────────────────────────────────────────
  Descomposición de fuerzas (valor instantáneo final):
                            Drag (X)      Lift (Y)
  ──────────────────────────────────────────────────
  TOTAL                     0.009473      0.296252  N/m
    Presión                 0.006558      0.296361  N/m
    Viscosa (fricción)      0.002915     -0.000109  N/m
  ──────────────────────────────────────────────────
  Cd total                  0.018946
    Cd presión              0.013116  (69.2%)
    Cd fricción             0.005830  (30.8%)
  Cl total                  0.592504
    Cl presión              0.592723  (100.0%)
    Cl fricción            -0.000219  (-0.0%)
────────────────────────────────────────────────────

[Circulación]  perfil x∈[6.002,7.000] c=0.998  U∞=1.000
    lazo          ventana x          ventana y     Γ (CCW)    Cl_circ
   0.15c  [   5.85,   7.15]  [   7.82,   8.19]    -0.27797    +0.5571
   0.40c  [   5.61,   7.40]  [   7.57,   8.44]    -0.27501    +0.5511
   0.80c  [   5.21,   7.80]  [   7.20,   8.86]    -0.26667    +0.5344
   1.50c  [   4.58,   8.50]  [   6.53,   9.57]    -0.25059    +0.5022
  ──────────────────────────────────────────────────
  Cl (integral superficie) = +0.5925
  Cl (circulación, lazo interior) = +0.5571
  → si ambos ~iguales y >>0.55: campo sobre-circulado (Kutta rota)
  → si difieren mucho: la integral de fuerzas es la sospechosa
────────────────────────────────────────────────────
  ──────────────────────────────────────────────────
  [Cp diag]  Cl(∮ΔCp en cuerda) = +0.5221
    ΔCp_TE (extr−intr, x/c≥0.95) = -0.1125  (→0 si Kutta cierra)
    pico succión Cp_min = -0.848 en x/c=0.005
────────────────────────────────────────────────────
[19:30:21] RESULTADO {"cl": 0.589552, "cd": 0.019107, "ld": 30.8552, "cl_ci95": 0.00065, "cd_ci95": 3.1e-05, "ld_ci95": 0.0606, "converged_clcd": false, "n_samples": 52, "wall_s": 509.7}
