Malla variable: 1852 x 753 nodos
  X: dx_min=0.002000, dx_max=0.100000
  Y: dy_min=0.002000, dy_max=0.100000
  [Ghost-cell] 3 image points corregidos | 1 irreparables (forzados a 0) | total ghost=984
dt = 0.001000 s  (CFL=0.5)
Malla: 1852 x 753 (1,394,556 celdas)

======================================================================
[CONTROLES] CONTROLES INTERACTIVOS ACTIVOS:
======================================================================
  • Presiona Ctrl+C para finalizar limpiamente con outputs completos
  • Crea 'PLOT_NOW.trigger' para generar gráficos sin detener
  • Crea 'STOP_SIMULATION.trigger' para detener limpiamente
  • Crea 'CHANGE_ALPHA.trigger' con el nuevo ángulo (ej: '8.0') para cambiar alpha
======================================================================

   Progreso en memoria compartida: 40 bytes (iteraciones sincronizadas)
[WARMUP] Compilando kernels GPU (primer arranque puede tardar 30-90s)...
[WARMUP] OK (0.0s)
  0%|          | 0/1500 [00:00<?, ?it/s]  7%|▋         | 102/1500 [01:00<13:48,  1.69it/s]  7%|▋         | 102/1500 [01:20<13:48,  1.69it/s] 14%|█▎        | 205/1500 [02:00<12:42,  1.70it/s] 14%|█▎        | 205/1500 [02:20<12:42,  1.70it/s] 21%|██▏       | 319/1500 [03:01<11:02,  1.78it/s] 21%|██▏       | 319/1500 [03:20<11:02,  1.78it/s] 29%|██▊       | 429/1500 [04:01<09:55,  1.80it/s] 29%|██▊       | 429/1500 [04:20<09:55,  1.80it/s] 36%|███▌      | 534/1500 [05:01<09:02,  1.78it/s] 36%|███▌      | 534/1500 [05:20<09:02,  1.78it/s] 45%|████▍     | 673/1500 [06:01<07:01,  1.96it/s] 45%|████▍     | 673/1500 [06:20<07:01,  1.96it/s] 61%|██████    | 915/1500 [07:02<03:42,  2.63it/s] 61%|██████    | 915/1500 [07:20<03:42,  2.63it/s] 76%|███████▌  | 1134/1500 [08:02<02:03,  2.95it/s] 76%|███████▌  | 1134/1500 [08:20<02:03,  2.95it/s] 91%|█████████ | 1359/1500 [09:02<00:44,  3.20it/s] 91%|█████████ | 1359/1500 [09:20<00:44,  3.20it/s]100%|██████████| 1500/1500 [09:38<00:00,  2.59it/s]

[SA-BC] [Iter 0] gamma min=0.185 media=0.185

[ADVERTENCIA] [Iter 500] nu_efectiva muy alta: 2.37e-04 (23.7x nu molecular)
    Esto puede reducir dt significativamente

[SA-BC] [Iter 500] gamma min=0.002 media=0.208
\n[Iter 500] Convergencia a steady: u=1.13e-02, v=4.78e-01, p=1.11e-01

[ADVERTENCIA] [Iter 1000] nu_efectiva muy alta: 3.43e-04 (34.3x nu molecular)
    Esto puede reducir dt significativamente

[SA-BC] [Iter 1000] gamma min=0.001 media=0.220
\n[Iter 1000] Convergencia a steady: u=1.26e-02, v=5.49e-01, p=8.50e-02

======================================================================
[OK] SIMULACIÓN COMPLETADA
======================================================================
  Se ejecutaron todas las 1500 iteraciones programadas.
  Si buscas estado estacionario, considera aumentar iteraciones
  o relajar tolerancias (tol_u, tol_v, tol_p).
======================================================================

======================================================================
ESTADÍSTICAS DE RENDIMIENTO
======================================================================

Tiempo promedio por paso dt: 0.3858 s
Pasos simulados: 1500
Tiempo total simulación: 578.71 s

Desglose por componente (tiempo total | % del total):
----------------------------------------------------------------------
  Recálculo dt..................     0.92 s  (  0.2%)
  Advección.....................    47.19 s  (  8.2%)
  Difusión......................     9.13 s  (  1.6%)
  Proyección....................   517.75 s  ( 89.5%)
  Guardado/fuerzas..............     3.47 s  (  0.6%)
  Otros (overhead)..............     0.24 s  (  0.0%)
----------------------------------------------------------------------

[ANALISIS]:
   Componente más costoso: Proyección
   Consume: 517.75 s (89.5% del tiempo total)
   Tiempo promedio por paso: 0.3452 s
   Ciclos MG por paso: media=37.15  p95=40.00  max=40
======================================================================


[OK] Polar completa guardada: 1 puntos en polar_results.json

   alpha         Cd         Cl      Cl/Cd
------------------------------------------
    4.00   0.041469   0.466609     11.252
  [save_state] sim_last.npz  (82 arrays, 56 escalares)

--- Resultados (Re=100000, t=1.1221s) ---
  Cl medio = 0.452954   Cd medio = 0.043869   L/D = 10.33
────────────────────────────────────────────────────
  Descomposición de fuerzas (valor instantáneo final):
                            Drag (X)      Lift (Y)
  ──────────────────────────────────────────────────
  TOTAL                     0.017769      0.242280  N/m
    Presión                 0.014620      0.242352  N/m
    Viscosa (fricción)      0.003150     -0.000072  N/m
  ──────────────────────────────────────────────────
  Cd total                  0.035539
    Cd presión              0.029239  (82.3%)
    Cd fricción             0.006300  (17.7%)
  Cl total                  0.484561
    Cl presión              0.484705  (100.0%)
    Cl fricción            -0.000144  (-0.0%)
────────────────────────────────────────────────────

[Circulación]  perfil x∈[8.004,9.000] c=0.996  U∞=1.000
    lazo          ventana x          ventana y     Γ (CCW)    Cl_circ
   0.15c  [   7.86,   9.15]  [   9.82,  10.20]    -0.19108    +0.3837
   0.40c  [   7.61,   9.40]  [   9.57,  10.45]    -0.18823    +0.3780
   0.80c  [   7.21,   9.80]  [   9.20,  10.86]    -0.12509    +0.2512
   1.50c  [   6.58,  10.49]  [   8.53,  11.57]    +0.00003    -0.0001
  ──────────────────────────────────────────────────
  Cl (integral superficie) = +0.4846
  Cl (circulación, lazo interior) = +0.3837
  → si ambos ~iguales y >>0.55: campo sobre-circulado (Kutta rota)
  → si difieren mucho: la integral de fuerzas es la sospechosa
────────────────────────────────────────────────────
  ──────────────────────────────────────────────────
  [Cp diag]  Cl(∮ΔCp en cuerda) = +1.0061
    ΔCp_TE (extr−intr, x/c≥0.95) = -1.1951  (→0 si Kutta cierra)
    pico succión Cp_min = -1.374 en x/c=0.875
────────────────────────────────────────────────────
{"Lx": 32.0, "Ly": 20.0, "cx": 8.0, "cy": 10.0, "iters": 1500, "wall_s": 582.0, "it_s": 2.58, "cl": 0.482687, "cd": 0.038537, "ld": 12.5251, "polar_h": 8.41}
