Malla variable: 1932 x 793 nodos
  X: dx_min=0.002000, dx_max=0.100000
  Y: dy_min=0.002000, dy_max=0.100000
  [Ghost-cell] 3 image points corregidos | 1 irreparables (forzados a 0) | total ghost=984
dt = 0.001000 s  (CFL=0.5)
Malla: 1932 x 793 (1,532,076 celdas)

======================================================================
[CONTROLES] CONTROLES INTERACTIVOS ACTIVOS:
======================================================================
  • Presiona Ctrl+C para finalizar limpiamente con outputs completos
  • Crea 'PLOT_NOW.trigger' para generar gráficos sin detener
  • Crea 'STOP_SIMULATION.trigger' para detener limpiamente
  • Crea 'CHANGE_ALPHA.trigger' con el nuevo ángulo (ej: '8.0') para cambiar alpha
======================================================================

   Progreso en memoria compartida: 40 bytes (iteraciones sincronizadas)
[WARMUP] Compilando kernels GPU (primer arranque puede tardar 30-90s)...
[WARMUP] OK (0.0s)
  0%|          | 0/1500 [00:00<?, ?it/s] 15%|█▌        | 228/1500 [01:00<05:35,  3.79it/s] 15%|█▌        | 228/1500 [01:20<05:35,  3.79it/s] 30%|██▉       | 444/1500 [02:00<04:47,  3.68it/s] 30%|██▉       | 444/1500 [02:20<04:47,  3.68it/s] 44%|████▍     | 667/1500 [03:00<03:45,  3.69it/s] 44%|████▍     | 667/1500 [03:20<03:45,  3.69it/s] 59%|█████▉    | 887/1500 [04:00<02:46,  3.68it/s] 59%|█████▉    | 887/1500 [04:20<02:46,  3.68it/s] 74%|███████▍  | 1117/1500 [05:00<01:42,  3.73it/s] 74%|███████▍  | 1117/1500 [05:20<01:42,  3.73it/s] 90%|████████▉ | 1344/1500 [06:00<00:41,  3.75it/s] 90%|████████▉ | 1344/1500 [06:20<00:41,  3.75it/s]100%|██████████| 1500/1500 [06:42<00:00,  3.73it/s]

[SA-BC] [Iter 0] gamma min=0.185 media=0.185

[ADVERTENCIA] [Iter 500] nu_efectiva muy alta: 2.37e-04 (23.7x nu molecular)
    Esto puede reducir dt significativamente

[SA-BC] [Iter 500] gamma min=0.002 media=0.209
\n[Iter 500] Convergencia a steady: u=1.08e-02, v=4.78e-01, p=1.18e-01

[ADVERTENCIA] [Iter 1000] nu_efectiva muy alta: 3.43e-04 (34.3x nu molecular)
    Esto puede reducir dt significativamente

[SA-BC] [Iter 1000] gamma min=0.001 media=0.220
\n[Iter 1000] Convergencia a steady: u=1.21e-02, v=5.48e-01, p=8.47e-02

======================================================================
[OK] SIMULACIÓN COMPLETADA
======================================================================
  Se ejecutaron todas las 1500 iteraciones programadas.
  Si buscas estado estacionario, considera aumentar iteraciones
  o relajar tolerancias (tol_u, tol_v, tol_p).
======================================================================

======================================================================
ESTADÍSTICAS DE RENDIMIENTO
======================================================================

Tiempo promedio por paso dt: 0.2683 s
Pasos simulados: 1500
Tiempo total simulación: 402.41 s

Desglose por componente (tiempo total | % del total):
----------------------------------------------------------------------
  Recálculo dt..................     0.67 s  (  0.2%)
  Advección.....................    41.77 s  ( 10.4%)
  Difusión......................     7.16 s  (  1.8%)
  Proyección....................   349.64 s  ( 86.9%)
  Guardado/fuerzas..............     2.98 s  (  0.7%)
  Otros (overhead)..............     0.18 s  (  0.0%)
----------------------------------------------------------------------

[ANALISIS]:
   Componente más costoso: Proyección
   Consume: 349.64 s (86.9% del tiempo total)
   Tiempo promedio por paso: 0.2331 s
   Ciclos MG por paso: media=39.58  p95=40.00  max=40
======================================================================


[OK] Polar completa guardada: 1 puntos en polar_results.json

   alpha         Cd         Cl      Cl/Cd
------------------------------------------
    4.00   0.041204   0.463152     11.241
  [save_state] sim_last.npz  (82 arrays, 56 escalares)

--- Resultados (Re=100000, t=1.1217s) ---
  Cl medio = 0.447819   Cd medio = 0.043451   L/D = 10.31
────────────────────────────────────────────────────
  Descomposición de fuerzas (valor instantáneo final):
                            Drag (X)      Lift (Y)
  ──────────────────────────────────────────────────
  TOTAL                     0.017939      0.243535  N/m
    Presión                 0.014790      0.243607  N/m
    Viscosa (fricción)      0.003149     -0.000072  N/m
  ──────────────────────────────────────────────────
  Cd total                  0.035879
    Cd presión              0.029581  (82.4%)
    Cd fricción             0.006298  (17.6%)
  Cl total                  0.487070
    Cl presión              0.487214  (100.0%)
    Cl fricción            -0.000144  (-0.0%)
────────────────────────────────────────────────────

[Circulación]  perfil x∈[10.004,11.000] c=0.996  U∞=1.000
    lazo          ventana x          ventana y     Γ (CCW)    Cl_circ
   0.15c  [   9.86,  11.15]  [  11.82,  12.20]    -0.19077    +0.3831
   0.40c  [   9.61,  11.40]  [  11.57,  12.45]    -0.18845    +0.3784
   0.80c  [   9.21,  11.80]  [  11.20,  12.86]    -0.12529    +0.2516
   1.50c  [   8.58,  12.49]  [  10.53,  13.57]    +0.00003    -0.0001
  ──────────────────────────────────────────────────
  Cl (integral superficie) = +0.4871
  Cl (circulación, lazo interior) = +0.3831
  → si ambos ~iguales y >>0.55: campo sobre-circulado (Kutta rota)
  → si difieren mucho: la integral de fuerzas es la sospechosa
────────────────────────────────────────────────────
  ──────────────────────────────────────────────────
  [Cp diag]  Cl(∮ΔCp en cuerda) = +1.0024
    ΔCp_TE (extr−intr, x/c≥0.95) = -1.1941  (→0 si Kutta cierra)
    pico succión Cp_min = -1.372 en x/c=0.875
────────────────────────────────────────────────────
{"Lx": 40.0, "Ly": 24.0, "cx": 10.0, "cy": 12.0, "iters": 1500, "wall_s": 405.9, "it_s": 3.7, "cl": 0.482691, "cd": 0.038547, "ld": 12.522, "polar_h": 5.86}
