=== convergencia del baseline 03:12:21 ===
[03:12:21] --- punto_o12c6  opts=-  overrides={'dx_min': 0.002, 'mg_max_outer': 12, 'mg_cycles_per_outer': 6}
Malla variable: 1772 x 713 nodos
  X: dx_min=0.002000, dx_max=0.100000
  Y: dy_min=0.002000, dy_max=0.100000
  [Ghost-cell] 3 image points corregidos | 1 irreparables (forzados a 0) | total ghost=984
dt = 0.001000 s  (CFL=0.5)
Malla: 1772 x 713 (1,263,436 celdas)

======================================================================
[CONTROLES] CONTROLES INTERACTIVOS ACTIVOS:
======================================================================
  • Presiona Ctrl+C para finalizar limpiamente con outputs completos
  • Crea 'PLOT_NOW.trigger' para generar gráficos sin detener
  • Crea 'STOP_SIMULATION.trigger' para detener limpiamente
  • Crea 'CHANGE_ALPHA.trigger' con el nuevo ángulo (ej: '8.0') para cambiar alpha
======================================================================

   Progreso en memoria compartida: 40 bytes (iteraciones sincronizadas)
[WARMUP] Compilando kernels GPU (primer arranque puede tardar 30-90s)...
[WARMUP] OK (0.0s)
  0%|          | 0/4000 [00:00<?, ?it/s]/usr/lib/python3.14/multiprocessing/resource_tracker.py:396: UserWarning: resource_tracker: There appear to be 1 leaked semaphore objects to clean up at shutdown: {'/mp-vpes7ycr'}
  warnings.warn(
/usr/lib/python3.14/multiprocessing/resource_tracker.py:396: UserWarning: resource_tracker: There appear to be 3 leaked shared_memory objects to clean up at shutdown: {'/sim2d_meta', '/sim2d_live', '/sim2d_coords'}
  warnings.warn(
