Malla variable: 1772 x 713 nodos
  X: dx_min=0.002000, dx_max=0.100000
  Y: dy_min=0.002000, dy_max=0.100000
  [Ghost-cell] 3 image points corregidos | 1 irreparables (forzados a 0) | total ghost=984
dt = 0.001000 s  (CFL=0.5)
Malla: 1772 x 713 (1,263,436 celdas)

======================================================================
[CONTROLES] CONTROLES INTERACTIVOS ACTIVOS:
======================================================================
  • Presiona Ctrl+C para finalizar limpiamente con outputs completos
  • Crea 'PLOT_NOW.trigger' para generar gráficos sin detener
  • Crea 'STOP_SIMULATION.trigger' para detener limpiamente
  • Crea 'CHANGE_ALPHA.trigger' con el nuevo ángulo (ej: '8.0') para cambiar alpha
======================================================================

   Progreso en memoria compartida: 40 bytes (iteraciones sincronizadas)
[WARMUP] Compilando kernels GPU (primer arranque puede tardar 30-90s)...
[WARMUP] OK (0.0s)
  0%|          | 0/1500 [00:00<?, ?it/s] 20%|█▉        | 297/1500 [01:00<04:03,  4.95it/s] 20%|█▉        | 297/1500 [01:20<04:03,  4.95it/s] 40%|███▉      | 597/1500 [02:00<03:01,  4.97it/s] 40%|███▉      | 597/1500 [02:20<03:01,  4.97it/s] 59%|█████▉    | 886/1500 [03:00<02:05,  4.90it/s] 59%|█████▉    | 886/1500 [03:20<02:05,  4.90it/s] 78%|███████▊  | 1170/1500 [04:00<01:08,  4.83it/s] 78%|███████▊  | 1170/1500 [04:20<01:08,  4.83it/s] 96%|█████████▋| 1447/1500 [05:00<00:11,  4.75it/s]100%|██████████| 1500/1500 [05:12<00:00,  4.80it/s]

[SA-BC] [Iter 0] gamma min=0.185 media=0.185

[ADVERTENCIA] [Iter 500] nu_efectiva muy alta: 2.37e-04 (23.7x nu molecular)
    Esto puede reducir dt significativamente

[SA-BC] [Iter 500] gamma min=0.002 media=0.202
\n[Iter 500] Convergencia a steady: u=1.19e-02, v=4.80e-01, p=1.16e-01

[ADVERTENCIA] [Iter 1000] nu_efectiva muy alta: 3.44e-04 (34.4x nu molecular)
    Esto puede reducir dt significativamente

[SA-BC] [Iter 1000] gamma min=0.001 media=0.214
\n[Iter 1000] Convergencia a steady: u=1.32e-02, v=5.48e-01, p=8.76e-02

======================================================================
[OK] SIMULACIÓN COMPLETADA
======================================================================
  Se ejecutaron todas las 1500 iteraciones programadas.
  Si buscas estado estacionario, considera aumentar iteraciones
  o relajar tolerancias (tol_u, tol_v, tol_p).
======================================================================

======================================================================
ESTADÍSTICAS DE RENDIMIENTO
======================================================================

Tiempo promedio por paso dt: 0.2082 s
Pasos simulados: 1500
Tiempo total simulación: 312.34 s

Desglose por componente (tiempo total | % del total):
----------------------------------------------------------------------
  Recálculo dt..................     0.60 s  (  0.2%)
  Advección.....................    35.74 s  ( 11.4%)
  Difusión......................     6.44 s  (  2.1%)
  Proyección....................   266.81 s  ( 85.4%)
  Guardado/fuerzas..............     2.59 s  (  0.8%)
  Otros (overhead)..............     0.17 s  (  0.1%)
----------------------------------------------------------------------

[ANALISIS]:
   Componente más costoso: Proyección
   Consume: 266.81 s (85.4% del tiempo total)
   Tiempo promedio por paso: 0.1779 s
   Ciclos MG por paso: media=30.77  p95=37.00  max=40
======================================================================


[OK] Polar completa guardada: 1 puntos en polar_results.json

   alpha         Cd         Cl      Cl/Cd
------------------------------------------
    4.00   0.041305   0.458645     11.104
  [save_state] sim_last.npz  (82 arrays, 56 escalares)

--- Resultados (Re=100000, t=1.1224s) ---
  Cl medio = 0.441630   Cd medio = 0.043462   L/D = 10.16
────────────────────────────────────────────────────
  Descomposición de fuerzas (valor instantáneo final):
                            Drag (X)      Lift (Y)
  ──────────────────────────────────────────────────
  TOTAL                     0.017700      0.237927  N/m
    Presión                 0.014559      0.237997  N/m
    Viscosa (fricción)      0.003142     -0.000070  N/m
  ──────────────────────────────────────────────────
  Cd total                  0.035401
    Cd presión              0.029118  (82.3%)
    Cd fricción             0.006283  (17.7%)
  Cl total                  0.475855
    Cl presión              0.475994  (100.0%)
    Cl fricción            -0.000139  (-0.0%)
────────────────────────────────────────────────────

[Circulación]  perfil x∈[6.004,7.000] c=0.996  U∞=1.000
    lazo          ventana x          ventana y     Γ (CCW)    Cl_circ
   0.15c  [   5.86,   7.15]  [   7.82,   8.20]    -0.18689    +0.3753
   0.40c  [   5.61,   7.40]  [   7.57,   8.45]    -0.18737    +0.3763
   0.80c  [   5.21,   7.80]  [   7.20,   8.86]    -0.12475    +0.2505
   1.50c  [   4.58,   8.49]  [   6.53,   9.57]    +0.00005    -0.0001
  ──────────────────────────────────────────────────
  Cl (integral superficie) = +0.4759
  Cl (circulación, lazo interior) = +0.3753
  → si ambos ~iguales y >>0.55: campo sobre-circulado (Kutta rota)
  → si difieren mucho: la integral de fuerzas es la sospechosa
────────────────────────────────────────────────────
  ──────────────────────────────────────────────────
  [Cp diag]  Cl(∮ΔCp en cuerda) = +0.9959
    ΔCp_TE (extr−intr, x/c≥0.95) = -1.1929  (→0 si Kutta cierra)
    pico succión Cp_min = -1.370 en x/c=0.875
────────────────────────────────────────────────────
{"Lx": 24.0, "Ly": 16.0, "cx": 6.0, "cy": 8.0, "iters": 1500, "wall_s": 315.3, "it_s": 4.76, "cl": 0.474237, "cd": 0.038315, "ld": 12.3772, "polar_h": 4.55}
